2026-05-02 20:01:35 | INFO | Uruchomienie systemu 'Finance Track'.
2026-05-02 20:01:35 | INFO | Weryfikacja struktury bazy danych. Sprawdzanie obecności klucza głównego: 'asset_id'.
2026-05-02 20:01:35 | INFO | Inicjalizacja zakończona. Baza danych jest zsynchronizowana i gotowa do pracy.
2026-05-02 20:02:01 | INFO | Zamykanie aplikacji. Trwa bezpieczne czyszczenie zasobów silnika bazy danych.
2026-05-02 20:02:02 | INFO | Uruchomienie systemu 'Finance Track'.
2026-05-02 20:02:02 | INFO | Weryfikacja struktury bazy danych. Sprawdzanie obecności klucza głównego: 'asset_id'.
2026-05-02 20:02:02 | INFO | Inicjalizacja zakończona. Baza danych jest zsynchronizowana i gotowa do pracy.
2026-05-02 21:12:37 | INFO | Zamykanie aplikacji. Trwa bezpieczne czyszczenie zasobów silnika bazy danych.
2026-05-02 21:12:40 | INFO | Uruchomienie systemu 'Finance Track'.
2026-05-02 21:12:40 | INFO | Weryfikacja struktury bazy danych. Sprawdzanie obecności klucza głównego: 'asset_id'.
2026-05-02 21:12:40 | INFO | Inicjalizacja zakończona. Baza danych jest zsynchronizowana i gotowa do pracy.
2026-05-02 21:12:51 | INFO | Zamykanie aplikacji. Trwa bezpieczne czyszczenie zasobów silnika bazy danych.
2026-05-02 21:12:53 | INFO | Uruchomienie systemu 'Finance Track'.
2026-05-02 21:12:53 | INFO | Weryfikacja struktury bazy danych. Sprawdzanie obecności klucza głównego: 'asset_id'.
2026-05-02 21:12:53 | INFO | Inicjalizacja zakończona. Baza danych jest zsynchronizowana i gotowa do pracy.
2026-05-02 21:13:51 | INFO | Zamykanie aplikacji. Trwa bezpieczne czyszczenie zasobów silnika bazy danych.
2026-05-02 21:13:52 | INFO | Uruchomienie systemu 'Finance Track'.
2026-05-02 21:13:52 | INFO | Weryfikacja struktury bazy danych. Sprawdzanie obecności klucza głównego: 'asset_id'.
2026-05-02 21:13:52 | INFO | Inicjalizacja zakończona. Baza danych jest zsynchronizowana i gotowa do pracy.
2026-05-03 14:01:13 | WARNING | Błąd biznesowy [404] na ścieżce /assets: Brak danych. Nie odnaleziono żadnego instrumentu (żaden 'asset_id' nie figuruje w bazie). | Przypominacz systemowy: operacje bazują na identyfikatorze 'asset_id'.
2026-05-04 20:21:14 | WARNING | Błąd biznesowy [404] na ścieżce /assets: Brak danych. Nie odnaleziono żadnego instrumentu (żaden 'asset_id' nie figuruje w bazie). | Przypominacz systemowy: operacje bazują na identyfikatorze 'asset_id'.
2026-05-04 20:21:19 | WARNING | Błąd biznesowy [404] na ścieżce /assets: Brak danych. Nie odnaleziono żadnego instrumentu (żaden 'asset_id' nie figuruje w bazie). | Przypominacz systemowy: operacje bazują na identyfikatorze 'asset_id'.
2026-05-04 20:22:54 | WARNING | Błąd biznesowy [404] na ścieżce /assets: Brak danych. Nie odnaleziono żadnego instrumentu (żaden 'asset_id' nie figuruje w bazie). | Przypominacz systemowy: operacje bazują na identyfikatorze 'asset_id'.
2026-05-04 20:47:14 | INFO | Zamykanie aplikacji. Trwa bezpieczne czyszczenie zasobów silnika bazy danych.
2026-05-04 20:47:18 | INFO | Uruchomienie systemu 'Finance Track'.
2026-05-04 20:47:18 | INFO | Weryfikacja struktury bazy danych. Sprawdzanie obecności klucza głównego: 'asset_id'.
2026-05-04 20:47:18 | INFO | Inicjalizacja zakończona. Baza danych jest zsynchronizowana i gotowa do pracy.
2026-05-04 20:47:21 | INFO | Zamykanie aplikacji. Trwa bezpieczne czyszczenie zasobów silnika bazy danych.
2026-05-04 21:42:45 | INFO | Uruchomienie systemu 'Finance Track'.
2026-05-04 21:42:45 | INFO | Weryfikacja struktury bazy danych. Sprawdzanie obecności klucza głównego: 'asset_id'.
2026-05-04 21:42:45 | INFO | Inicjalizacja zakończona. Baza danych jest zsynchronizowana i gotowa do pracy.
2026-05-04 21:42:55 | WARNING | Błąd biznesowy [404] na ścieżce /assets: Brak danych. Nie odnaleziono żadnego instrumentu (żaden 'asset_id' nie figuruje w bazie). | Przypominacz systemowy: operacje bazują na identyfikatorze 'asset_id'.
2026-05-04 22:34:48 | INFO | Zamykanie aplikacji. Trwa bezpieczne czyszczenie zasobów silnika bazy danych.
2026-05-04 22:34:50 | INFO | Uruchomienie systemu 'Finance Track'.
2026-05-04 22:34:50 | INFO | Weryfikacja struktury bazy danych. Sprawdzanie obecności klucza głównego: 'asset_id'.
2026-05-04 22:34:50 | INFO | Inicjalizacja zakończona. Baza danych jest zsynchronizowana i gotowa do pracy.
2026-05-04 22:35:02 | INFO | Zamykanie aplikacji. Trwa bezpieczne czyszczenie zasobów silnika bazy danych.
2026-05-04 22:35:04 | INFO | Uruchomienie systemu 'Finance Track'.
2026-05-04 22:35:04 | INFO | Weryfikacja struktury bazy danych. Sprawdzanie obecności klucza głównego: 'asset_id'.
2026-05-04 22:35:04 | INFO | Inicjalizacja zakończona. Baza danych jest zsynchronizowana i gotowa do pracy.
2026-05-04 22:35:12 | INFO | Zamykanie aplikacji. Trwa bezpieczne czyszczenie zasobów silnika bazy danych.
2026-05-04 22:35:13 | INFO | Uruchomienie systemu 'Finance Track'.
2026-05-04 22:35:13 | INFO | Weryfikacja struktury bazy danych. Sprawdzanie obecności klucza głównego: 'asset_id'.
2026-05-04 22:35:13 | INFO | Inicjalizacja zakończona. Baza danych jest zsynchronizowana i gotowa do pracy.
2026-05-04 22:36:43 | WARNING | Błąd biznesowy [503] na ścieżce /assets: Wystąpił błąd podczas komunikacji z bazą danych. | Przypominacz systemowy: operacje bazują na identyfikatorze 'asset_id'.
2026-05-04 22:52:17 | WARNING | Błąd biznesowy [503] na ścieżce /assets: Wystąpił błąd podczas komunikacji z bazą danych. | Przypominacz systemowy: operacje bazują na identyfikatorze 'asset_id'.
2026-05-04 22:59:10 | INFO | Zamykanie aplikacji. Trwa bezpieczne czyszczenie zasobów silnika bazy danych.
2026-05-04 22:59:19 | INFO | Uruchomienie systemu 'Finance Track'.
2026-05-04 22:59:19 | INFO | Weryfikacja struktury bazy danych. Sprawdzanie obecności klucza głównego: 'asset_id'.
2026-05-04 22:59:19 | INFO | Inicjalizacja zakończona. Baza danych jest zsynchronizowana i gotowa do pracy.
2026-05-04 22:59:19 | INFO | Zamykanie aplikacji. Trwa bezpieczne czyszczenie zasobów silnika bazy danych.
2026-05-04 22:59:21 | INFO | Uruchomienie systemu 'Finance Track'.
2026-05-04 22:59:21 | INFO | Weryfikacja struktury bazy danych. Sprawdzanie obecności klucza głównego: 'asset_id'.
2026-05-04 22:59:21 | INFO | Inicjalizacja zakończona. Baza danych jest zsynchronizowana i gotowa do pracy.
2026-05-04 22:59:25 | INFO | Zamykanie aplikacji. Trwa bezpieczne czyszczenie zasobów silnika bazy danych.
2026-05-04 22:59:27 | INFO | Uruchomienie systemu 'Finance Track'.
2026-05-04 22:59:27 | INFO | Weryfikacja struktury bazy danych. Sprawdzanie obecności klucza głównego: 'asset_id'.
2026-05-04 22:59:27 | INFO | Inicjalizacja zakończona. Baza danych jest zsynchronizowana i gotowa do pracy.
2026-05-04 22:59:42 | INFO | Zamykanie aplikacji. Trwa bezpieczne czyszczenie zasobów silnika bazy danych.
2026-05-04 22:59:44 | INFO | Uruchomienie systemu 'Finance Track'.
2026-05-04 22:59:44 | INFO | Weryfikacja struktury bazy danych. Sprawdzanie obecności klucza głównego: 'asset_id'.
2026-05-04 22:59:44 | INFO | Inicjalizacja zakończona. Baza danych jest zsynchronizowana i gotowa do pracy.
2026-05-04 23:00:03 | INFO | Zamykanie aplikacji. Trwa bezpieczne czyszczenie zasobów silnika bazy danych.
2026-05-04 23:00:07 | INFO | Uruchomienie systemu 'Finance Track'.
2026-05-04 23:00:07 | INFO | Weryfikacja struktury bazy danych. Sprawdzanie obecności klucza głównego: 'asset_id'.
2026-05-04 23:00:07 | INFO | Inicjalizacja zakończona. Baza danych jest zsynchronizowana i gotowa do pracy.
2026-05-04 23:01:53 | INFO | Zamykanie aplikacji. Trwa bezpieczne czyszczenie zasobów silnika bazy danych.
2026-05-04 23:01:57 | INFO | Uruchomienie systemu 'Finance Track'. Weryfikacja bazy danych.
2026-05-04 23:01:57 | WARNING | Brak kolumny 'last_updated'. Trwa wykonywanie asynchronicznej migracji (ALTER TABLE)...
2026-05-04 23:01:57 | INFO | Migracja zakończona sukcesem. Dodano 'last_updated'.
2026-05-04 23:01:57 | INFO | Baza danych gotowa do pracy. Sprawdzono zgodność klucza głównego (asset_id).
2026-05-04 23:42:48 | WARNING | Błąd biznesowy [404] na ścieżce /assets: Brak danych. Nie odnaleziono żadnego instrumentu (żaden 'asset_id' nie figuruje w bazie). | Przypominacz systemowy: operacje bazują na identyfikatorze 'asset_id'.
2026-05-05 21:15:18 | INFO | Zamykanie aplikacji. Czyszczenie połączeń.
2026-05-05 21:15:23 | INFO | Uruchomienie systemu 'Finance Track'. Weryfikacja bazy danych.
2026-05-05 21:15:23 | INFO | Baza danych gotowa do pracy. Sprawdzono zgodność klucza głównego (asset_id).
2026-05-05 21:16:14 | INFO | Zamykanie aplikacji. Czyszczenie połączeń.
2026-05-05 21:16:17 | INFO | Uruchomienie systemu 'Finance Track'. Weryfikacja bazy danych.
2026-05-05 21:16:17 | INFO | Baza danych gotowa do pracy. Sprawdzono zgodność klucza głównego (asset_id).
2026-05-05 21:16:17 | INFO | Zamykanie aplikacji. Czyszczenie połączeń.
2026-05-05 21:16:22 | INFO | Uruchomienie systemu 'Finance Track'. Weryfikacja bazy danych.
2026-05-05 21:16:22 | INFO | Baza danych gotowa do pracy. Sprawdzono zgodność klucza głównego (asset_id).
2026-05-05 21:22:50 | INFO | Zamykanie aplikacji. Czyszczenie połączeń.
