2026-05-02 20:16:48,294 - INFO - Rozpoczęto procedurę uruchamiania systemu 'Finance Track'.
2026-05-02 20:16:48,301 - INFO - Baza danych zainicjalizowana pomyślnie (klucz główny: asset_id).
2026-05-02 20:25:10,035 - INFO - System 'Finance Track' zostaje wyłączony.
2026-05-02 20:25:15,683 - INFO - Rozpoczęto procedurę uruchamiania systemu 'Finance Track'.
2026-05-02 20:25:15,694 - INFO - Baza danych zainicjalizowana pomyślnie (klucz główny: asset_id).
2026-05-02 20:25:16,013 - INFO - System 'Finance Track' zostaje wyłączony.
2026-05-02 20:25:17,576 - INFO - Rozpoczęto procedurę uruchamiania systemu 'Finance Track'.
2026-05-02 20:25:17,583 - INFO - Baza danych zainicjalizowana pomyślnie (klucz główny: asset_id).
2026-05-02 20:25:19,716 - INFO - System 'Finance Track' zostaje wyłączony.
2026-05-02 20:25:21,086 - INFO - Rozpoczęto procedurę uruchamiania systemu 'Finance Track'.
2026-05-02 20:25:21,090 - INFO - Baza danych zainicjalizowana pomyślnie (klucz główny: asset_id).
2026-05-02 21:07:59,232 - INFO - System 'Finance Track' zostaje wyłączony.
2026-05-02 21:08:02,003 - INFO - Rozpoczęto procedurę uruchamiania systemu 'Finance Track'.
2026-05-02 21:08:02,016 - INFO - Baza danych zainicjalizowana pomyślnie (klucz główny: asset_id).
2026-05-02 21:08:10,513 - INFO - System 'Finance Track' zostaje wyłączony.
2026-05-03 14:01:09,846 - WARNING - Próba pobrania aktywów zakończona niepowodzeniem - brak danych.
2026-05-03 14:01:09,888 - ERROR - Wyjątek biznesowy: W bazie danych nie zarejestrowano żadnych aktywów finansowych. | Status: 404
2026-05-04 20:21:26,424 - WARNING - Próba pobrania aktywów zakończona niepowodzeniem - brak danych.
2026-05-04 20:21:26,431 - ERROR - Wyjątek biznesowy: W bazie danych nie zarejestrowano żadnych aktywów finansowych. | Status: 404
2026-05-04 20:21:28,748 - WARNING - Próba pobrania aktywów zakończona niepowodzeniem - brak danych.
2026-05-04 20:21:28,750 - ERROR - Wyjątek biznesowy: W bazie danych nie zarejestrowano żadnych aktywów finansowych. | Status: 404
2026-05-05 20:42:40,126 - INFO - --- Rozpoczęto uruchamianie systemu 'Finance Track' ---
2026-05-05 20:42:40,177 - INFO - Weryfikacja bazy: Struktura tabeli jest aktualna.
2026-05-05 20:42:40,179 - INFO - Baza danych gotowa (Klucz główny: asset_id).
2026-05-05 21:25:14,659 - WARNING - Zablokowano żądanie: Baza danych nie zawiera żadnych aktywów. | Ścieżka: /assets
2026-05-05 22:36:44,057 - INFO - --- Zamykanie systemu 'Finance Track' ---
2026-05-05 22:36:57,794 - INFO - --- Rozpoczęto uruchamianie systemu 'Finance Track' ---
2026-05-05 22:36:57,842 - INFO - Weryfikacja bazy: Struktura tabeli jest aktualna.
2026-05-05 22:36:57,843 - INFO - Baza danych gotowa (Klucz główny: asset_id).
2026-05-05 22:51:03,128 - INFO - --- Zamykanie systemu 'Finance Track' ---
2026-05-05 22:51:10,078 - INFO - --- Rozpoczęto uruchamianie systemu 'Finance Track' ---
2026-05-05 22:51:10,096 - INFO - Weryfikacja bazy: Struktura tabeli jest aktualna.
2026-05-05 22:51:10,097 - INFO - Baza danych gotowa (Klucz główny: asset_id).
2026-05-05 22:51:18,978 - INFO - --- Zamykanie systemu 'Finance Track' ---
2026-05-05 22:51:23,086 - INFO - Starting Finance Track API services...
2026-05-05 22:51:23,092 - INFO - Database integrity check complete (Primary Key: asset_id).
2026-05-05 23:07:49,807 - WARNING - Business logic error: No financial assets found in the database. at /assets
2026-05-05 23:12:25,775 - WARNING - Business logic error: No financial assets found in the database. at /assets
2026-05-06 00:22:19,388 - INFO - Shutting down Finance Track API services.
2026-05-06 00:22:25,143 - INFO - --- Finance Track System: Starting Services ---
2026-05-06 00:22:25,157 - INFO - Database verification: Schema is current (Primary Key: asset_id).
2026-05-06 00:24:34,038 - WARNING - Business Exception: No assets found in the database. | URL: /assets
2026-05-06 00:30:04,793 - INFO - Executing resilient synchronization...
2026-05-06 00:30:04,837 - WARNING - Could not find price data for ticker: AAPL
2026-05-06 00:30:42,452 - ERROR - Creation failed for AAPL: (sqlite3.IntegrityError) UNIQUE constraint failed: financial_assets.ticker_symbol
[SQL: INSERT INTO financial_assets (asset_id, ticker_symbol, last_price, market_cap, last_updated) VALUES (?, ?, ?, ?, ?)]
[parameters: ('a7ab2416-5358-41a1-aeb8-083ba7d8f2d4', 'AAPL', 0.0, 2500000000000, '2026-05-06 00:30:42.425093')]
(Background on this error at: https://sqlalche.me/e/20/gkpj)
2026-05-06 00:30:42,459 - WARNING - Business Exception: Could not create asset. Ensure the ticker symbol is unique. | URL: /assets
2026-05-06 00:30:42,459 - INFO - Executing resilient synchronization...
2026-05-06 00:30:42,459 - WARNING - Could not find price data for ticker: AAPL
2026-05-06 01:04:40,132 - INFO - --- Finance Track System: Shutting Down ---
2026-05-06 01:04:46,705 - INFO - --- Finance Track System: Starting Services ---
2026-05-06 01:04:46,730 - INFO - Database verification: Schema is current (Primary Key: asset_id).
2026-05-06 01:06:09,635 - INFO - --- Finance Track System: Shutting Down ---
2026-05-06 01:06:15,255 - INFO - --- Finance Track System: Starting Services ---
2026-05-06 01:06:15,270 - INFO - Database verification: Schema is current (Primary Key: asset_id).
2026-05-06 01:06:32,425 - INFO - --- Finance Track System: Shutting Down ---
2026-05-06 01:06:37,200 - INFO - --- Finance Track System: Initializing ---
2026-05-06 01:07:03,938 - WARNING - Business error: Asset creation failed. Ensure ticker is unique. at /assets
2026-05-06 01:07:03,957 - WARNING - Price data unavailable for ticker: AAPL
2026-05-11 00:16:06,903 - INFO - --- Finance Track System: Starting Up ---
2026-05-11 00:16:06,923 - INFO - Database verification: Schema is current (Contract: asset_id).
2026-05-11 00:17:04,581 - ERROR - Failure to create asset: (sqlite3.IntegrityError) UNIQUE constraint failed: financial_assets.ticker_symbol
[SQL: INSERT INTO financial_assets (asset_id, ticker_symbol, last_price, market_cap, last_updated) VALUES (?, ?, ?, ?, ?)]
[parameters: ('07c42cf4-d055-4dca-8b7e-c84949310b2f', 'AAPL', 0.0, 2500000000000, '2026-05-11 00:17:04.574542')]
(Background on this error at: https://sqlalche.me/e/20/gkpj)
2026-05-11 00:17:04,582 - WARNING - Business Exception: Integrity error: Duplicate ticker or database constraint. | URL: /assets
2026-05-11 00:17:04,588 - INFO - Executing global asset synchronization...
2026-05-11 00:17:04,597 - WARNING - Price data unavailable for ticker: AAPL
2026-05-11 00:17:33,983 - INFO - --- Finance Track System: Shutting Down ---
2026-05-11 00:17:37,009 - INFO - --- Finance Track System: Starting Up ---
2026-05-11 00:17:37,015 - INFO - Database verification: Schema is current (Contract: asset_id).
2026-07-30 23:25:19,089 - INFO - Initializing Finance Track Services - Production OpenAPI & Cosmic UI Active.
2026-07-30 23:25:19,097 - INFO - Database connection verified. Primary Key contract: asset_id
2026-07-30 23:28:29,194 - INFO - Initializing Finance Track Services - Production OpenAPI & Cosmic UI Active.
2026-07-30 23:28:29,198 - INFO - Database connection verified. Primary Key contract: asset_id
2026-07-30 23:28:44,166 - ERROR - Fatal kernel state crash caught: (sqlite3.OperationalError) no such column: financial_assets.current_market_price
[SQL: SELECT financial_assets.asset_id, financial_assets.ticker_symbol, financial_assets.current_market_price, financial_assets.market_cap, financial_assets.last_updated 
FROM financial_assets
 LIMIT ? OFFSET ?]
[parameters: (100, 0)]
(Background on this error at: https://sqlalche.me/e/20/e3q8)
2026-07-30 23:29:04,659 - INFO - Executing global bulk pricing update task.
2026-07-30 23:29:04,660 - ERROR - Fatal kernel state crash caught: (sqlite3.OperationalError) no such column: financial_assets.current_market_price
[SQL: SELECT financial_assets.asset_id, financial_assets.ticker_symbol, financial_assets.current_market_price, financial_assets.market_cap, financial_assets.last_updated 
FROM financial_assets
 LIMIT ? OFFSET ?]
[parameters: (1000, 0)]
(Background on this error at: https://sqlalche.me/e/20/e3q8)
2026-07-30 23:29:04,930 - ERROR - Fatal kernel state crash caught: (sqlite3.OperationalError) no such column: financial_assets.current_market_price
[SQL: SELECT financial_assets.asset_id, financial_assets.ticker_symbol, financial_assets.current_market_price, financial_assets.market_cap, financial_assets.last_updated 
FROM financial_assets
 LIMIT ? OFFSET ?]
[parameters: (100, 0)]
(Background on this error at: https://sqlalche.me/e/20/e3q8)
2026-07-30 23:29:10,629 - ERROR - Fatal kernel state crash caught: (sqlite3.OperationalError) no such column: financial_assets.current_market_price
[SQL: SELECT financial_assets.asset_id, financial_assets.ticker_symbol, financial_assets.current_market_price, financial_assets.market_cap, financial_assets.last_updated 
FROM financial_assets
 LIMIT ? OFFSET ?]
[parameters: (100, 0)]
(Background on this error at: https://sqlalche.me/e/20/e3q8)
2026-07-31 00:03:05,199 - INFO - Initializing Finance Track Services - Production OpenAPI & Cosmic UI Active.
2026-07-31 00:03:05,208 - INFO - Database connection verified. Primary Key contract: asset_id
2026-07-31 00:03:26,911 - INFO - Executing global bulk pricing update task.
2026-07-31 00:03:26,918 - ERROR - Fatal kernel state crash caught: (sqlite3.OperationalError) no such column: financial_assets.current_market_price
[SQL: SELECT financial_assets.asset_id, financial_assets.ticker_symbol, financial_assets.current_market_price, financial_assets.market_cap, financial_assets.last_updated 
FROM financial_assets
 LIMIT ? OFFSET ?]
[parameters: (1000, 0)]
(Background on this error at: https://sqlalche.me/e/20/e3q8)
2026-07-31 00:03:27,155 - ERROR - Fatal kernel state crash caught: (sqlite3.OperationalError) no such column: financial_assets.current_market_price
[SQL: SELECT financial_assets.asset_id, financial_assets.ticker_symbol, financial_assets.current_market_price, financial_assets.market_cap, financial_assets.last_updated 
FROM financial_assets
 LIMIT ? OFFSET ?]
[parameters: (100, 0)]
(Background on this error at: https://sqlalche.me/e/20/e3q8)
2026-07-31 00:03:35,829 - ERROR - Fatal kernel state crash caught: (sqlite3.OperationalError) no such column: financial_assets.current_market_price
[SQL: SELECT financial_assets.asset_id, financial_assets.ticker_symbol, financial_assets.current_market_price, financial_assets.market_cap, financial_assets.last_updated 
FROM financial_assets
 LIMIT ? OFFSET ?]
[parameters: (100, 0)]
(Background on this error at: https://sqlalche.me/e/20/e3q8)
2026-07-31 00:03:37,239 - ERROR - Fatal kernel state crash caught: (sqlite3.OperationalError) no such column: financial_assets.current_market_price
[SQL: SELECT financial_assets.asset_id, financial_assets.ticker_symbol, financial_assets.current_market_price, financial_assets.market_cap, financial_assets.last_updated 
FROM financial_assets
 LIMIT ? OFFSET ?]
[parameters: (100, 0)]
(Background on this error at: https://sqlalche.me/e/20/e3q8)
2026-07-31 00:03:37,503 - ERROR - Fatal kernel state crash caught: (sqlite3.OperationalError) no such column: financial_assets.current_market_price
[SQL: SELECT financial_assets.asset_id, financial_assets.ticker_symbol, financial_assets.current_market_price, financial_assets.market_cap, financial_assets.last_updated 
FROM financial_assets
 LIMIT ? OFFSET ?]
[parameters: (100, 0)]
(Background on this error at: https://sqlalche.me/e/20/e3q8)
2026-07-31 00:03:37,550 - ERROR - Fatal kernel state crash caught: (sqlite3.OperationalError) no such column: financial_assets.current_market_price
[SQL: SELECT financial_assets.asset_id, financial_assets.ticker_symbol, financial_assets.current_market_price, financial_assets.market_cap, financial_assets.last_updated 
FROM financial_assets
 LIMIT ? OFFSET ?]
[parameters: (100, 0)]
(Background on this error at: https://sqlalche.me/e/20/e3q8)
2026-07-31 00:03:37,815 - ERROR - Fatal kernel state crash caught: (sqlite3.OperationalError) no such column: financial_assets.current_market_price
[SQL: SELECT financial_assets.asset_id, financial_assets.ticker_symbol, financial_assets.current_market_price, financial_assets.market_cap, financial_assets.last_updated 
FROM financial_assets
 LIMIT ? OFFSET ?]
[parameters: (100, 0)]
(Background on this error at: https://sqlalche.me/e/20/e3q8)
2026-07-31 00:10:08,020 - INFO - Initializing Finance Track Services - Production OpenAPI & Cosmic UI Active.
2026-07-31 00:10:08,029 - INFO - Database connection verified. Primary Key contract: asset_id
2026-07-31 00:12:03,038 - ERROR - Fatal kernel state crash caught: (sqlite3.OperationalError) no such column: financial_assets.current_market_price
[SQL: SELECT financial_assets.asset_id, financial_assets.ticker_symbol, financial_assets.current_market_price, financial_assets.market_cap, financial_assets.last_updated 
FROM financial_assets
 LIMIT ? OFFSET ?]
[parameters: (100, 0)]
(Background on this error at: https://sqlalche.me/e/20/e3q8)
2026-07-31 00:18:18,112 - INFO - Initializing Finance Track Services - Production OpenAPI & Cosmic UI Active.
2026-07-31 00:18:18,121 - INFO - Database connection verified. Primary Key contract: asset_id
2026-07-31 00:19:06,389 - ERROR - Fatal kernel state crash caught: (sqlite3.OperationalError) no such column: financial_assets.current_market_price
[SQL: SELECT financial_assets.asset_id, financial_assets.ticker_symbol, financial_assets.current_market_price, financial_assets.market_cap, financial_assets.last_updated 
FROM financial_assets
 LIMIT ? OFFSET ?]
[parameters: (100, 0)]
(Background on this error at: https://sqlalche.me/e/20/e3q8)
2026-08-01 14:03:59,289 - INFO - Initializing Finance Track Services - Production OpenAPI & Cosmic UI Active.
2026-08-01 14:03:59,296 - INFO - Database connection verified. Primary Key contract: asset_id
2026-08-01 15:02:58,247 - INFO - Starting Finance Track API - Executing Schema Integrity Verification.
2026-08-01 15:02:58,285 - INFO - Schema integrity verified. Internal storage strictly bound to snake_case.
2026-08-01 15:03:42,291 - INFO - Executing global bulk pricing update task.
2026-08-01 15:03:42,359 - INFO - Price updates committed successfully. Updated lines: 0
2026-08-01 15:16:48,694 - INFO - Executing global bulk pricing update task.
2026-08-01 15:16:48,771 - INFO - Price updates committed successfully. Updated lines: 0
2026-08-01 16:33:24,154 - INFO - Starting Finance Track API - Verifying Schema & Seed Registry.
2026-08-01 16:33:24,177 - INFO - Database empty on cold-start. Seeding 10 default financial assets.
2026-08-01 16:33:24,179 - INFO - Default ticker seed sequence complete.
2026-08-01 16:34:42,688 - INFO - Executing global bulk pricing update task.
2026-08-01 16:34:42,829 - INFO - FastInfo failed for AAPL, trying history fallback.
2026-08-01 16:34:43,755 - INFO - FastInfo failed for MSFT, trying history fallback.
2026-08-01 16:34:43,885 - INFO - FastInfo failed for GOOGL, trying history fallback.
2026-08-01 16:34:43,991 - INFO - FastInfo failed for AMZN, trying history fallback.
2026-08-01 16:34:44,077 - INFO - FastInfo failed for NVDA, trying history fallback.
2026-08-01 16:34:44,215 - INFO - FastInfo failed for TSLA, trying history fallback.
2026-08-01 16:34:44,310 - INFO - FastInfo failed for META, trying history fallback.
2026-08-01 16:34:44,503 - INFO - FastInfo failed for BTC-USD, trying history fallback.
2026-08-01 16:34:44,622 - INFO - FastInfo failed for ETH-USD, trying history fallback.
2026-08-01 16:34:44,762 - INFO - FastInfo failed for SPY, trying history fallback.
2026-08-01 16:34:44,952 - INFO - Price updates committed successfully. Updated lines: 10
2026-08-01 16:46:31,960 - INFO - Executing global bulk pricing update task.
2026-08-01 16:46:32,008 - INFO - FastInfo failed for AAPL, trying history fallback.
2026-08-01 16:46:32,790 - INFO - FastInfo failed for MSFT, trying history fallback.
2026-08-01 16:46:33,090 - INFO - FastInfo failed for GOOGL, trying history fallback.
2026-08-01 16:46:33,186 - INFO - FastInfo failed for AMZN, trying history fallback.
2026-08-01 16:46:33,276 - INFO - FastInfo failed for NVDA, trying history fallback.
2026-08-01 16:46:33,510 - INFO - FastInfo failed for TSLA, trying history fallback.
2026-08-01 16:46:33,643 - INFO - FastInfo failed for META, trying history fallback.
2026-08-01 16:46:33,851 - INFO - FastInfo failed for BTC-USD, trying history fallback.
2026-08-01 16:46:33,953 - INFO - FastInfo failed for ETH-USD, trying history fallback.
2026-08-01 16:46:34,059 - INFO - FastInfo failed for SPY, trying history fallback.
2026-08-01 16:46:34,191 - INFO - Price updates committed successfully. Updated lines: 10
2026-08-01 16:46:41,445 - INFO - Executing global bulk pricing update task.
2026-08-01 16:46:41,450 - INFO - FastInfo failed for AAPL, trying history fallback.
2026-08-01 16:46:41,588 - INFO - FastInfo failed for MSFT, trying history fallback.
2026-08-01 16:46:41,842 - INFO - FastInfo failed for GOOGL, trying history fallback.
2026-08-01 16:46:42,076 - INFO - FastInfo failed for AMZN, trying history fallback.
2026-08-01 16:46:42,186 - INFO - FastInfo failed for NVDA, trying history fallback.
2026-08-01 16:46:42,388 - INFO - FastInfo failed for TSLA, trying history fallback.
2026-08-01 16:46:42,507 - INFO - FastInfo failed for META, trying history fallback.
2026-08-01 16:46:42,604 - INFO - FastInfo failed for BTC-USD, trying history fallback.
2026-08-01 16:46:42,770 - INFO - FastInfo failed for ETH-USD, trying history fallback.
2026-08-01 16:46:42,861 - INFO - FastInfo failed for SPY, trying history fallback.
2026-08-01 16:46:43,043 - INFO - Price updates committed successfully. Updated lines: 10
2026-08-01 16:51:30,098 - INFO - Executing global bulk pricing update task.
2026-08-01 16:51:30,111 - INFO - FastInfo failed for AAPL, trying history fallback.
2026-08-01 16:51:30,440 - INFO - FastInfo failed for MSFT, trying history fallback.
2026-08-01 16:51:30,718 - INFO - FastInfo failed for GOOGL, trying history fallback.
2026-08-01 16:51:30,974 - INFO - FastInfo failed for AMZN, trying history fallback.
2026-08-01 16:51:31,093 - INFO - FastInfo failed for NVDA, trying history fallback.
2026-08-01 16:51:31,208 - INFO - FastInfo failed for TSLA, trying history fallback.
2026-08-01 16:51:31,443 - INFO - FastInfo failed for META, trying history fallback.
2026-08-01 16:51:31,608 - INFO - FastInfo failed for BTC-USD, trying history fallback.
2026-08-01 16:51:31,735 - INFO - FastInfo failed for ETH-USD, trying history fallback.
2026-08-01 16:51:31,891 - INFO - FastInfo failed for SPY, trying history fallback.
2026-08-01 16:51:32,065 - INFO - Price updates committed successfully. Updated lines: 10
2026-08-01 16:56:46,284 - INFO - Starting Finance Track API - Verifying Schema & Seed Registry.
